{
    "schemaVersion": 1,
    "domain": "equipment",
    "generatedBy": "LIB-TD-0002",
    "generatedAt": "2025-10-06T20:07:39.589Z",
    "owner": "Systems",
    "samples": [
        {
            "fixtureId": "equipment.alpha",
            "name": "Stormglass Pike",
            "storagePath": "SaltMarcher/Equipment/Stormglass Pike.md",
            "goldenFile": "equipment.alpha.md",
            "checksum": "9e43abba10e67e1b8ace99abc80bec81d9c991285b8ad06a45c57b051d4baa0a"
        },
        {
            "fixtureId": "equipment.beta",
            "name": "Kelpweave Armor",
            "storagePath": "SaltMarcher/Equipment/Kelpweave Armor.md",
            "goldenFile": "equipment.beta.md",
            "checksum": "a391371c6b693fd40de68d7a641e489c548292fda300a8afa2753aa7f3eab058"
        },
        {
            "fixtureId": "equipment.gamma",
            "name": "Thundercoil Net",
            "storagePath": "SaltMarcher/Equipment/Thundercoil Net.md",
            "goldenFile": "equipment.gamma.md",
            "checksum": "53a0b57b2568ad223c23f1bb798959867b17abfe6aaea569cfabb0af33ac6e2f"
        }
    ]
}
