{
    "schemaVersion": 1,
    "domain": "spells",
    "generatedBy": "LIB-TD-0002",
    "generatedAt": "2025-10-06T20:07:39.591Z",
    "owner": "QA",
    "samples": [
        {
            "fixtureId": "spell-preset.coralmind-bastion",
            "name": "Coralmind Bastion",
            "storagePath": "SaltMarcher/Presets/Spells/Coralmind Bastion.md",
            "goldenFile": "spell-preset.coralmind-bastion.md",
            "checksum": "3566d39063cf25ca2549d746e300c6c87e123b8a75cd0ef13c766ffca1afe079"
        },
        {
            "fixtureId": "spell-preset.ember-ward",
            "name": "Ember Ward",
            "storagePath": "SaltMarcher/Presets/Spells/Ember Ward.md",
            "goldenFile": "spell-preset.ember-ward.md",
            "checksum": "7eea872f3d649d27939095df6578c8d418ef183473d2d7598530fa90359fd7de"
        },
        {
            "fixtureId": "spell-preset.tidal-script",
            "name": "Tidal Script",
            "storagePath": "SaltMarcher/Presets/Spells/Tidal Script.md",
            "goldenFile": "spell-preset.tidal-script.md",
            "checksum": "46372508f989591652a67558465200d79efa50ab8462b3c635a69a2aa4ddf0b4"
        }
    ]
}
